# start gita

# sprawdzenie konfiguracji gita:
~$ git config -l
# sprawdzenie ścieżki:
~$ pwd
/home/joakom

# konfiguracja globalna:
~$ git config --global user.name "akunkom"
~$ git config --global user.email "akunkom@users.noreply.github.com"
~$ git config --global core.editor "atom --wait"

# sprawdzenie konfiguracji
~$ git config -l
user.name=akunkom
user.email=akunkom@users.noreply.github.com
core.editor=atom --wait

# zainicjowanie lokalnego repozytorium:
$ git init
Initialized empty Git repository in /home/joakom/akunkom/nauka_gita/.git/

# kolejne sprawdzenie konfiguracji:
$ git config -l
user.name=akunkom
user.email=akunkom@users.noreply.github.com
core.editor=atom --wait
core.repositoryformatversion=0
core.filemode=true
core.bare=false
core.logallrefupdates=true

# sprawdzenie statusu:
$ git status
On branch master
No commits yet
nothing to commit (create/copy files and use "git add" to track)

# stworzenie pliku:
$ touch gitnauka.txt
$ atom gitnauka.txt

# dodanie pliku do śledzenia:
$ git add gitnauka.txt

# sprawdzenie statusu, został dodany plik:
$ git status
On branch master

No commits yet

Changes to be committed:
  (use "git rm --cached <file>..." to unstage)

	nowy plik:     gitnauka.txt

# commitowanie, konieczny opis zmiany:
$ git commit -m "pierwsze kroki z gitem"
[master (root-commit) bcd4b34] pierwsze kroki z gitem
 1 file changed, 58 insertions(+)
 create mode 100644 gitnauka.txt

$ git status
On branch master
nothing to commit, working tree clean

# odpowiedź po wprowadzeniu zmiany w edytowanym pliku:
$ git status
On branch master
Changes not staged for commit:
  (use "git add <file>..." to update what will be committed)
  (use "git checkout -- <file>..." to discard changes in working directory)

	zmodyfikowany: gitnauka.txt

no changes added to commit (use "git add" and/or "git commit -a")

# jeśli potrzebna pomoc:
$ git remote --help

# przygotowanie do wysłania pliku do zewnętrznego repozytorium na githubie:
$ git remote add origin https://github.com/akunkom/nauka_gita.git

# wysłanie na githuba:
$ git push origin master

# ok... nie poszło dobrze, wskazane repozytorium było wcześniej używane.

# utworzyłam na githabie nowe repozytorium i zgodnie z instrukcję na stronie:
# https://www.datree.io/resources/git-error-fatal-remote-origin-already-exists
# zmieniłam przypisanie repozytorium lokalnego:
$ git remote set-url origin https://github.com/akunkom/nauka__gita.git
$ git push    # nie zadziałało, podpowiedź:
$ git push --set-upstream origin master

# po kolejnym uzupełnieniu pliku:
zmodyfikowany: gitnauka.txt

$ git add gitnauka.txt
$ git commit -m "uzupełnienie informacji o remote i push"
   [master 58ef098] uzupełnienie informacji o remote i push
    1 file changed, 12 insertions(+)
$ git status
   On branch master
   Your branch is ahead of 'origin/master' by 1 commit.
     (use "git push" to publish your local commits)

   nothing to commit, working tree clean

$ git push
   Username for 'https://github.com': akunkom
   Password for 'https://akunkom@github.com':
   Counting objects: 3, done.
   Compressing objects: 100% (2/2), done.
   Writing objects: 100% (3/3), 601 bytes | 601.00 KiB/s, done.
   Total 3 (delta 1), reused 0 (delta 0)
   remote: Resolving deltas: 100% (1/1), completed with 1 local object.
   To https://github.com/akunkom/nauka__gita.git
      01eb1ba..58ef098  master -> master
